Traceback (most recent call last):
  File "C:\mmpe\python\MMPE\build_cx_exe\tests\demonstration\pyqt_window.py", line 18, in actionUpdate
    y = eval(str(self.ui.lineEdit.text()));
  File "<string>", line 1, in <module>
NameError: name 'sin' is not defined
Traceback (most recent call last):
  File "C:\mmpe\python\MMPE\build_cx_exe\tests\demonstration\pyqt_window.py", line 18, in actionUpdate
    y = eval(str(self.ui.lineEdit.text()));
  File "<string>", line 1, in <module>
NameError: name 'sin' is not defined
